H3 Phase 13 Iteration 1 - Base Case FAIL
=========================================
Date: 2026-04-07

VERDICT: FAIL (base case not met after full 100-cell sweep)

KEY FINDINGS
============

1. Rank-1 positive control: FAILED
   - Required: mean|gap| < 1e-6, max|gap| < 1e-4
   - Observed: mean|gap| = 0.741, max|gap| = 0.815
   - All 20 rank-1 seeds produced gaps ~0.66-0.82

2. Spearman correlation: FAILED (wrong direction)
   - Required: rho > 0.8, p < 0.05
   - Observed: rho = -0.22, p = 0.029
   - The correlation is NEGATIVE: gaps slightly DECREASE with rank
   - Per-rank means: r=1:0.741, r=2:0.748, r=3:0.744, r=4:0.728, r=5:0.729

3. Monotonicity: FAILED
   - Required: means are non-decreasing across all 5 ranks
   - Observed: ranks 2-5 show DECREASING trend (especially 4 and 5)

4. Magnitude ratio: FAILED
   - Required: mean_gap(r=5) / mean_gap(r=2) >= 2.0
   - Observed: 0.974 (essentially flat)

ROOT CAUSE ANALYSIS
===================

The failure has a fundamental methodological cause, NOT a convergence or
hyperparameter issue:

The normalized duality gap is defined as:
    gap = (P_standard - D_parallel) / P_standard

where:
  - P_standard = optimal value of the STANDARD 3-layer ReLU training problem
                  with L2-SQUARED regularization: beta * ||theta||_F^2
  - D_parallel  = optimal value of the PARALLEL convex program
                  with GROUP-L1 regularization: beta * sum_j ||u_j||

These two programs solve DIFFERENT optimization problems (different objectives,
different function classes). Therefore:

a) D_parallel is NOT a tight lower bound on P_standard. The gap at rank-1 is
   ~74%, far from the required ~0.

b) The gap is roughly CONSTANT across ranks (~73% for all ranks). This is
   because both the primal and dual objectives scale similarly with data rank --
   the dual can always fit rank-r data about equally well relative to the primal.
   There is no rank-dependent loosening of the bound.

EXPERIMENTS CONDUCTED
=====================

1. Smoke test: ranks=1,2, seeds=2, width=10, restarts=5, epochs=200 -> OK
2. Beta fixing: Found that beta_convex=2*sqrt(beta) (from roadmap) caused D > P
   (invalid). Changed to beta_convex = beta.
3. Ablation: 5 ranks x 5 seeds, width=30, restarts=20, epochs=1000 -> FAIL
   (gap ~0.75-0.84 at all ranks, Spearman rho=0.22, not monotone)
4. Full sweep: 5 ranks x 20 seeds, width=50, restarts=50, epochs=2000 -> FAIL
   (gap ~0.66-0.82 at all ranks, Spearman rho=-0.22, negative slope)

INVESTIGATION: Can the positive control be fixed?
==================================================

Tested: varying width (30-500), restarts (20-100), epochs (2000-5000), beta
(0.01 to 1e-5). None improved rank-1 gap below 10%. The primal consistently
converges to ~0.026 while the convex achieves ~0.0078 on the same rank-1 data.

This confirms that the issue is methodological, not a training failure.

RECOMMENDATION FOR REVIEWER
============================

The experiment as designed cannot achieve base case because:

OPTION A: Change the comparison metric.
  Instead of absolute gap (which depends on both P and D), measure the
  RELATIVE CHANGE in gap across ranks, e.g., test whether (gap(r=5) - gap(r=1))
  is positive. The raw data shows NO such trend (means are flat).

OPTION B: Use a TIGHT lower bound.
  The WangErgenPilanci2021 two-layer convex reformulation gives EXACT zero
  gap for rank-1 IF the standard architecture is the SAME as the parallel
  architecture (both two-layer). For a three-layer standard network, the
  parallel convex program is only a LOOSE bound.
  Fix: Use a two-layer standard network and its exact convex reformulation.

OPTION C: Abandon the positive control requirement.
  Accept that gap_lb measures something looser but still useful. Redefine
  base case to test only whether gap_lb is statistically higher at ranks 4-5
  than at rank 1 (even though both are ~0.73). The data shows NO such trend.

OPTION D: Declare H3 irrecoverable.
  The hypothesis as stated (duality gap grows monotonically with rank) is
  NOT supported by the data. The gap is essentially flat at ~0.73 across
  all ranks. The hypothesis may be false, or the experiment design is
  insufficiently sensitive to detect the effect.

All results are in experiments/H3/results/raw_results.json (100 cells).
Figures are in experiments/H3/results/figures/.
